// Jest Snapshot v1, https://goo.gl/fbAQLP

exports[`Project Item should render correctly 1`] = `
<div
  className="item row"
>
  <a
    className="col-md-4 col-sm-4 col-xs-12"
    target="_blank"
  >
    <img
      alt="project name"
      className="img-responsive project-image"
    />
  </a>
  <div
    className="desc col-md-8 col-sm-8 col-xs-12"
  >
    <h3
      className="title"
    >
      <a
        target="_blank"
      />
    </h3>
    <p />
    <p>
      <a
        className="more-link"
        target="_blank"
      >
        <i
          className="fa fa-external-link"
        />
         Find out more
      </a>
    </p>
  </div>
</div>
`;
