// Jest Snapshot v1, https://goo.gl/fbAQLP

exports[`Experience Section should render correctly 1`] = `
<section
  className="experience section"
>
  <div
    className="section-inner"
  >
    <h2
      className="heading"
    >
      Work Experience
    </h2>
    <div
      className="content"
    />
  </div>
</section>
`;
