// Jest Snapshot v1, https://goo.gl/fbAQLP

exports[`ExperienceItem Section should render correctly 1`] = `
<div>
  <div
    className="item"
  >
    <h3
      className="title"
    >
      Co-Founder & Lead Developer - 
      <span
        className="place"
      >
        <a
          href="#"
        >
          Startup Hub
        </a>
      </span>
       
      <span
        className="year"
      >
        (2014 - Present)
      </span>
    </h3>
    <p>
      Aenean leo ligula, porttitor eu, consequat vitae, eleifend ac, enim. Aliquam lorem ante, dapibus in, viverra quis, feugiat a, tellus. Phasellus viverra nulla ut metus varius laoreet. Donec vitae sapien ut libero venenatis faucibus. Nullam quis ante. Etiam sit amet orci eget eros faucibus tincidunt.
    </p>
  </div>
</div>
`;
