// Jest Snapshot v1, https://goo.gl/fbAQLP

exports[`Latest Book Section should render correctly 1`] = `
<aside
  className="books aside section"
>
  <div
    className="section-inner"
  >
    <h2
      className="heading"
    >
      Latest Reading
    </h2>
    <div
      className="content"
    >
      <ul
        className="list-unstyled"
      />
    </div>
  </div>
</aside>
`;

exports[`Latest Book Section should render nothing if no books are passed in 1`] = `
<aside
  className="books aside section"
>
  <div
    className="section-inner"
  >
    <h2
      className="heading"
    >
      Latest Reading
    </h2>
    <div
      className="content"
    >
      <ul
        className="list-unstyled"
      />
    </div>
  </div>
</aside>
`;
