// Jest Snapshot v1, https://goo.gl/fbAQLP

exports[`should render Expense dashboard page correctly 1`] = `
<div>
  <Header />
  <About />
  <LatestProject />
  <OtherProjects />
  <Experience />
  <Github />
  <InfoAside />
</div>
`;
