// Jest Snapshot v1, https://goo.gl/fbAQLP

exports[`Header Component should render header correctly 1`] = `
<header
  className="header"
>
  <div
    className="container"
  >
    <img
      alt="Ewan Bauld"
      className="profile-image img-responsive pull-left"
      src="/public/images/loader.gif"
    />
    <div
      className="profile-content pull-left"
    >
      <h1
        className="name"
      >
        test
      </h1>
      <h2
        className="desc"
      >
        cc
      </h2>
      <ul
        className="social list-inline"
      >
        <li>
          <a
            href="#"
          >
            <i
              className="fa fa-twitter"
            />
          </a>
        </li>
        <li>
          <a
            href="#"
          >
            <i
              className="fa fa-google-plus"
            />
          </a>
        </li>
        <li>
          <a
            href="#"
          >
            <i
              className="fa fa-github-alt"
            />
          </a>
        </li>
        <li
          className="last-item"
        >
          <a
            href="#"
          >
            <i
              className="fa fa-hacker-news"
            />
          </a>
        </li>
      </ul>
    </div>
    <a
      className="btn btn-cta-primary pull-right"
      href="http://themes.3rdwavemedia.com/"
      target="_blank"
    >
      <i
        className="fa fa-paper-plane"
      />
      Contact Me
    </a>
  </div>
</header>
`;
