// Jest Snapshot v1, https://goo.gl/fbAQLP

exports[`Landing Page should render Expense dashboard page correctly 1`] = `
<div>
  <Header
    header={
      Object {
        "name": "Ewan Bauld",
        "social": Object {
          "github": Object {
            "url": "https://github.com/SakuraComputing",
          },
          "googleplus": Object {
            "url": "",
          },
          "hackernews": Object {
            "url": "",
          },
          "linkedin": Object {
            "url": "https://www.linkedin.com/in/ewan-bauld-8887a337/",
          },
          "twitter": Object {
            "url": "",
          },
        },
        "title": "Senior Web Developer",
      }
    }
  />
  <div
    className="container sections-wrapper"
  >
    <div
      className="row"
    >
      <div
        className="primary col-md-8 col-sm-12 col-xs-12"
      >
        <About
          about={
            Object {
              "text": "Front end developer with over twnety years of experience in software delivery.  Specialising in ReactJS but also experience in vanilla javascript and other MVC frameworks such as Angular. Take both TDD approaches and AB Testing to coding",
            }
          }
        />
        <LatestProject />
        <OtherProjects />
        <Experience />
        <Github />
      </div>
      <div
        className="secondary col-md-4 col-sm-12 col-xs-12"
      >
        <InfoAside
          infoaside={
            Object {
              "email": "ewan.bauld@gmail.com",
              "location": "Manchester, UK",
              "website": "www.ewan.bauld.com",
            }
          }
        />
        <SkillsAside
          skillsaside={
            Array [
              Object {
                "bar": 70,
                "id": 1,
                "level": "Advanced",
                "title": "CSS",
              },
              Object {
                "bar": 81,
                "id": 2,
                "level": "Expert",
                "title": "Javascript",
              },
            ]
          }
        />
        <TestimonialsAside />
        <EducationAside />
        <LanguagesAside />
        <BlogAside />
        <MusicAside />
        <ConferenceAside />
        <CreditsAside />
      </div>
    </div>
  </div>
  <Footer />
</div>
`;
