// Jest Snapshot v1, https://goo.gl/fbAQLP

exports[`LanguagesAside Section should render correctly 1`] = `
<aside
  className="languages aside section"
>
  <div
    className="section-inner"
  >
    <h2
      className="heading"
    >
      Languages
    </h2>
    <div
      className="content"
    >
      <ul
        className="list-unstyled"
      >
        <li
          className="item"
        >
          <span
            className="title"
          >
            <strong>
              English:
            </strong>
          </span>
          <span
            className="level"
          >
            Native Speaker 
            <br
              className="visible-xs"
            />
            <i
              className="fa fa-star"
            />
             
            <i
              className="fa fa-star"
            />
             
            <i
              className="fa fa-star"
            />
             
            <i
              className="fa fa-star"
            />
             
            <i
              className="fa fa-star"
            />
             
          </span>
        </li>
        <li
          className="item"
        >
          <span
            className="title"
          >
            <strong>
              Spanish:
            </strong>
          </span>
          <span
            className="level"
          >
            Professional Proficiency 
            <br
              className="visible-sm visible-xs"
            />
            <i
              className="fa fa-star"
            />
             
            <i
              className="fa fa-star"
            />
             
            <i
              className="fa fa-star"
            />
             
            <i
              className="fa fa-star-half"
            />
          </span>
        </li>
      </ul>
    </div>
  </div>
</aside>
`;
